// Jest Snapshot v1, https://goo.gl/fbAQLP

exports[`ShipDetailsCard should match snapshot 1`] = `
<div
  className="MuiPaper-root MuiPaper-elevation MuiPaper-rounded MuiPaper-elevation1 css-6ium34-MuiPaper-root"
  data-testid="ship-3"
>
  <h6
    className="MuiTypography-root MuiTypography-h6 css-2ulfj5-MuiTypography-root"
  >
    OOCL Japan
  </h6>
  <p
    className="MuiTypography-root MuiTypography-body1 css-ahj2mt-MuiTypography-root"
  >
    Country of origin: 
    Hong Kong
  </p>
  <p
    className="MuiTypography-root MuiTypography-body1 css-ahj2mt-MuiTypography-root"
  >
    Built: 
    2017
  </p>
  <p
    className="MuiTypography-root MuiTypography-body1 css-ahj2mt-MuiTypography-root"
  >
    Name: 
    OOCL Japan
  </p>
  <p
    className="MuiTypography-root MuiTypography-body1 css-ahj2mt-MuiTypography-root"
  >
    Length: 
    399.87
     meters
  </p>
  <p
    className="MuiTypography-root MuiTypography-body1 css-ahj2mt-MuiTypography-root"
  >
    Beam: 
    58.8
     meters
  </p>
  <p
    className="MuiTypography-root MuiTypography-body1 css-ahj2mt-MuiTypography-root"
  >
    Max TEU: 
    21413
  </p>
  <p
    className="MuiTypography-root MuiTypography-body1 css-ahj2mt-MuiTypography-root"
  >
    Owner: 
    OOCL (Hong Kong)
  </p>
  <p
    className="MuiTypography-root MuiTypography-body1 css-ahj2mt-MuiTypography-root"
  >
    Gross Tonnage: 
    210890
     tons
  </p>
  <a
    className="MuiButtonBase-root MuiButton-root MuiButton-contained MuiButton-containedPrimary MuiButton-sizeMedium MuiButton-containedSizeMedium MuiButton-root MuiButton-contained MuiButton-containedPrimary MuiButton-sizeMedium MuiButton-containedSizeMedium css-1njilb0-MuiButtonBase-root-MuiButton-root"
    href="/"
    onBlur={[Function]}
    onClick={[Function]}
    onContextMenu={[Function]}
    onDragLeave={[Function]}
    onFocus={[Function]}
    onKeyDown={[Function]}
    onKeyUp={[Function]}
    onMouseDown={[Function]}
    onMouseLeave={[Function]}
    onMouseUp={[Function]}
    onTouchEnd={[Function]}
    onTouchMove={[Function]}
    onTouchStart={[Function]}
    tabIndex={0}
  >
    Back to List
  </a>
</div>
`;
