// Jest Snapshot v1, https://goo.gl/fbAQLP

exports[`HeadBand should match snapshot 1`] = `
<header
  className="MuiPaper-root MuiPaper-elevation MuiPaper-elevation4 MuiAppBar-root MuiAppBar-colorPrimary MuiAppBar-positionStatic css-hip9hq-MuiPaper-root-MuiAppBar-root"
  style={
    Object {
      "width": "100%",
    }
  }
>
  <div
    className="MuiToolbar-root MuiToolbar-gutters MuiToolbar-regular css-hyum1k-MuiToolbar-root"
  >
    <h6
      className="MuiTypography-root MuiTypography-h6 css-2ulfj5-MuiTypography-root"
      style={
        Object {
          "textAlign": "center",
          "width": "100%",
        }
      }
    >
      List of Ships
    </h6>
  </div>
</header>
`;
