// Jest Snapshot v1, https://goo.gl/fbAQLP

exports[`ShipCard should match snapshot 1`] = `
<a
  className="makeStyles-link-2"
  href="/ships/2"
  onClick={[Function]}
>
  <div
    className="MuiPaper-root MuiPaper-elevation MuiPaper-rounded MuiPaper-elevation1 MuiCard-root makeStyles-card-1 css-bhp9pd-MuiPaper-root-MuiCard-root"
  >
    <div
      className="MuiCardContent-root css-46bh2p-MuiCardContent-root"
    >
      <h6
        className="MuiTypography-root MuiTypography-h6 css-2ulfj5-MuiTypography-root"
      >
        OOCL Germany
      </h6>
      <p
        className="MuiTypography-root MuiTypography-body1 css-ahj2mt-MuiTypography-root"
      >
        Country: 
        Hong Kong
      </p>
      <p
        className="MuiTypography-root MuiTypography-body1 css-ahj2mt-MuiTypography-root"
      >
        TEU: 
        21413
      </p>
    </div>
  </div>
</a>
`;
